// Jest Snapshot v1, https://goo.gl/fbAQLP

exports[`UserList renders a snapshot properly 1`] = `
<div>
  <h4
    className="box title is-4"
  >
    khanh
  </h4>
  <h4
    className="box title is-4"
  >
    thu
  </h4>
</div>
`;
